Warning: No mesh data to join
Warning: No mesh data to join
Warning: No mesh data to join
Warning: No mesh data to join
Warning: No mesh data to join
Warning: No mesh data to join
ERROR Draco mesh compression is not available because library could not be found at /usr/bin/4.3/python/lib/python3.13/site-packages/libextern_draco.so
14:42:11 | INFO: Starting glTF 2.0 export
14:42:11 | INFO: Extracting primitive: fictional_sign
14:42:11 | INFO: Primitives created: 1
14:42:11 | INFO: Extracting primitive: Icosphere
14:42:11 | INFO: Primitives created: 1
14:42:11 | INFO: Extracting primitive: roof_membrane
14:42:11 | INFO: Primitives created: 1
14:42:11 | INFO: Extracting primitive: charcoal_tile
14:42:11 | INFO: Primitives created: 1
14:42:11 | INFO: Extracting primitive: warm_wood
14:42:11 | INFO: Primitives created: 1
14:42:11 | INFO: Extracting primitive: deep_glazing
14:42:11 | INFO: Primitives created: 1
14:42:11 | INFO: Extracting primitive: silver_metal
14:42:11 | INFO: Primitives created: 1
14:42:11 | INFO: Extracting primitive: frosted_glazing
14:42:11 | INFO: Primitives created: 1
14:42:11 | INFO: Finished glTF 2.0 export in 0.04646635055541992 s

14:42:11 | INFO: Data are loaded, start creating Blender stuff
14:42:11 | INFO: Blender create Mesh node fictional_sign
14:42:11 | INFO: Blender create Mesh node Icosphere
14:42:11 | INFO: Blender create Mesh node roof_membrane
14:42:11 | INFO: Blender create Mesh node charcoal_tile
14:42:11 | INFO: Blender create Mesh node warm_wood
14:42:11 | INFO: Blender create Mesh node deep_glazing
14:42:11 | INFO: Blender create Mesh node silver_metal
14:42:11 | INFO: Blender create Mesh node frosted_glazing
14:42:11 | INFO: glTF import finished in 0.02s
SAKURA_RESULT {"asset": "sakura-office", "bytes": 261248, "sha256": "39ffc13b5843e8ffe9d535bb954ab41f4841b8a8bbe6f8833a93e964fad3ca08", "vertices": 7218, "triangles": 3599, "materials": 8, "primitives": 8, "meshes": 8, "textures": 0, "images": 0, "texture_dimensions": [], "texture_bytes": 0, "bounds_m": {"min": [-5.949999809265137, 0, -5.300000190734863], "max": [5.949999809265137, 18.8799991607666, 5.300000190734863]}, "dimensions_m": [11.9, 18.88, 10.6], "external_uris": [], "gltf_version": "2.0", "validation": {"tool": "Blender 4.3.2", "actual_import_succeeded": true, "mesh_objects": 8, "mesh_vertices": 7218, "mesh_triangles": 3599, "blender_z_up_bounds_m": {"min": [-5.949999809265137, -5.300000190734863, 0.0], "max": [5.949999809265137, 5.300000190734863, 18.8799991607666]}, "finite_vertices": true, "zero_area_triangles": 0, "ground_z_zero": true, "note": "Blender importer maps glTF +Y up to Blender +Z up. Exported glTF bounds are measured separately; authored -Y front maps to glTF +Z front."}}
Blender 4.3.2

Blender quit
