15:45:38 | INFO: Data are loaded, start creating Blender stuff
15:45:38 | INFO: Blender create Mesh node Icosphere
15:45:38 | INFO: Blender create Mesh node fictional_sign
15:45:38 | INFO: Blender create Mesh node roof_membrane
15:45:38 | INFO: Blender create Mesh node charcoal_tile
15:45:38 | INFO: Blender create Mesh node warm_wood
15:45:38 | INFO: Blender create Mesh node deep_glazing
15:45:38 | INFO: Blender create Mesh node silver_metal
15:45:38 | INFO: Blender create Mesh node frosted_glazing
15:45:38 | INFO: glTF import finished in 0.03s
Blender 4.3.2
Fra:1 Mem:12.97M (Peak 12.97M) | Time:00:00.00 | Mem:0.00M, Peak:0.00M | Scene, ViewLayer | Synchronizing object | PREVIEW_ONLY_GROUND
Fra:1 Mem:12.97M (Peak 12.97M) | Time:00:00.00 | Mem:0.00M, Peak:0.00M | Scene, ViewLayer | Synchronizing object | sakura-residential_frosted_glazing
Fra:1 Mem:12.98M (Peak 12.98M) | Time:00:00.00 | Mem:0.00M, Peak:0.00M | Scene, ViewLayer | Synchronizing object | sakura-residential_planted_green
Fra:1 Mem:15.07M (Peak 15.07M) | Time:00:00.00 | Mem:0.00M, Peak:0.00M | Scene, ViewLayer | Synchronizing object | sakura-residential_silver_metal
Fra:1 Mem:15.09M (Peak 15.09M) | Time:00:00.00 | Mem:0.00M, Peak:0.00M | Scene, ViewLayer | Synchronizing object | sakura-residential_mineral_plaster
Fra:1 Mem:16.84M (Peak 16.84M) | Time:00:00.00 | Mem:0.00M, Peak:0.00M | Scene, ViewLayer | Synchronizing object | sakura-residential_roof_membrane
Fra:1 Mem:16.82M (Peak 16.84M) | Time:00:00.00 | Mem:0.00M, Peak:0.00M | Scene, ViewLayer | Synchronizing object | sakura-residential_charcoal_tile
Fra:1 Mem:16.14M (Peak 16.84M) | Time:00:00.00 | Mem:0.00M, Peak:0.00M | Scene, ViewLayer | Synchronizing object | sakura-residential_deep_glazing
Fra:1 Mem:16.21M (Peak 16.84M) | Time:00:00.00 | Mem:0.00M, Peak:0.00M | Scene, ViewLayer | Synchronizing object | sakura-residential_warm_wood
Fra:1 Mem:16.21M (Peak 16.84M) | Time:00:00.00 | Mem:0.00M, Peak:0.00M | Scene, ViewLayer | Initializing
Fra:1 Mem:15.47M (Peak 16.84M) | Time:00:00.00 | Mem:0.00M, Peak:0.00M | Scene, ViewLayer | Waiting for render to start
Fra:1 Mem:15.47M (Peak 16.84M) | Time:00:00.00 | Mem:0.00M, Peak:0.00M | Scene, ViewLayer | Loading render kernels (may take a few minutes the first time)
Fra:1 Mem:15.47M (Peak 16.84M) | Time:00:00.00 | Mem:0.00M, Peak:0.00M | Scene, ViewLayer | Updating Scene
Fra:1 Mem:15.47M (Peak 16.84M) | Time:00:00.00 | Mem:0.00M, Peak:0.00M | Scene, ViewLayer | Updating Shaders
Fra:1 Mem:15.56M (Peak 16.84M) | Time:00:00.01 | Mem:0.01M, Peak:0.01M | Scene, ViewLayer | Updating Procedurals
Fra:1 Mem:15.56M (Peak 16.84M) | Time:00:00.01 | Mem:0.01M, Peak:0.01M | Scene, ViewLayer | Updating Background
Fra:1 Mem:15.56M (Peak 16.84M) | Time:00:00.01 | Mem:0.01M, Peak:0.01M | Scene, ViewLayer | Updating Camera
Fra:1 Mem:15.56M (Peak 16.84M) | Time:00:00.01 | Mem:0.01M, Peak:0.01M | Scene, ViewLayer | Updating Meshes Flags
Fra:1 Mem:15.56M (Peak 16.84M) | Time:00:00.01 | Mem:0.01M, Peak:0.01M | Scene, ViewLayer | Updating Objects
Fra:1 Mem:15.56M (Peak 16.84M) | Time:00:00.01 | Mem:0.01M, Peak:0.01M | Scene, ViewLayer | Updating Objects | Copying Transformations to device
Fra:1 Mem:15.56M (Peak 16.84M) | Time:00:00.01 | Mem:0.01M, Peak:0.01M | Scene, ViewLayer | Updating Objects | Applying Static Transformations
Fra:1 Mem:15.56M (Peak 16.84M) | Time:00:00.01 | Mem:0.01M, Peak:0.01M | Scene, ViewLayer | Updating Particle Systems
Fra:1 Mem:15.56M (Peak 16.84M) | Time:00:00.01 | Mem:0.01M, Peak:0.01M | Scene, ViewLayer | Updating Particle Systems | Copying Particles to device
Fra:1 Mem:15.56M (Peak 16.84M) | Time:00:00.01 | Mem:0.01M, Peak:0.01M | Scene, ViewLayer | Updating Meshes
Fra:1 Mem:15.66M (Peak 16.84M) | Time:00:00.01 | Mem:0.01M, Peak:0.01M | Scene, ViewLayer | Updating Mesh | Computing attributes
Fra:1 Mem:15.90M (Peak 16.84M) | Time:00:00.01 | Mem:0.01M, Peak:0.01M | Scene, ViewLayer | Updating Mesh | Copying Attributes to device
Fra:1 Mem:15.90M (Peak 16.84M) | Time:00:00.01 | Mem:0.24M, Peak:0.24M | Scene, ViewLayer | Updating Scene BVH | Building
Fra:1 Mem:15.90M (Peak 16.84M) | Time:00:00.01 | Mem:0.24M, Peak:0.24M | Scene, ViewLayer | Updating Scene BVH | Building BVH
Fra:1 Mem:15.90M (Peak 16.84M) | Time:00:00.01 | Mem:0.45M, Peak:0.45M | Scene, ViewLayer | Updating Scene BVH | Building BVH 0%
Fra:1 Mem:15.90M (Peak 16.84M) | Time:00:00.01 | Mem:0.71M, Peak:0.91M | Scene, ViewLayer | Updating Scene BVH | Copying BVH to device
Fra:1 Mem:15.90M (Peak 16.84M) | Time:00:00.01 | Mem:0.71M, Peak:0.91M | Scene, ViewLayer | Updating Mesh | Computing normals
Fra:1 Mem:16.66M (Peak 16.84M) | Time:00:00.02 | Mem:0.71M, Peak:0.91M | Scene, ViewLayer | Updating Mesh | Copying Mesh to device
Fra:1 Mem:16.66M (Peak 16.84M) | Time:00:00.02 | Mem:1.46M, Peak:1.46M | Scene, ViewLayer | Updating Objects Flags
Fra:1 Mem:16.66M (Peak 16.84M) | Time:00:00.02 | Mem:1.46M, Peak:1.46M | Scene, ViewLayer | Updating Primitive Offsets
Fra:1 Mem:16.66M (Peak 16.84M) | Time:00:00.02 | Mem:1.46M, Peak:1.46M | Scene, ViewLayer | Updating Images
Fra:1 Mem:16.66M (Peak 16.84M) | Time:00:00.02 | Mem:1.46M, Peak:1.46M | Scene, ViewLayer | Updating Camera Volume
Fra:1 Mem:16.66M (Peak 16.84M) | Time:00:00.02 | Mem:1.46M, Peak:1.46M | Scene, ViewLayer | Updating Lookup Tables
Fra:1 Mem:16.66M (Peak 16.84M) | Time:00:00.02 | Mem:1.54M, Peak:1.54M | Scene, ViewLayer | Updating Lights
Fra:1 Mem:16.66M (Peak 16.84M) | Time:00:00.02 | Mem:1.54M, Peak:1.54M | Scene, ViewLayer | Updating Lights | Computing tree
Fra:1 Mem:16.66M (Peak 16.84M) | Time:00:00.02 | Mem:1.54M, Peak:1.54M | Scene, ViewLayer | Updating Integrator
Fra:1 Mem:16.66M (Peak 16.84M) | Time:00:00.02 | Mem:1.54M, Peak:1.54M | Scene, ViewLayer | Updating Film
Fra:1 Mem:16.66M (Peak 16.84M) | Time:00:00.02 | Mem:1.46M, Peak:1.54M | Scene, ViewLayer | Updating Lookup Tables
Fra:1 Mem:16.66M (Peak 16.84M) | Time:00:00.02 | Mem:1.55M, Peak:1.55M | Scene, ViewLayer | Updating Baking
Fra:1 Mem:16.66M (Peak 16.84M) | Time:00:00.02 | Mem:1.55M, Peak:1.55M | Scene, ViewLayer | Updating Device | Writing constant memory
Fra:1 Mem:16.66M (Peak 16.84M) | Time:00:00.02 | Mem:1.55M, Peak:1.55M | Scene, ViewLayer | Sample 0/64
Fra:1 Mem:54.95M (Peak 54.95M) | Time:00:01.03 | Remaining:01:03.93 | Mem:39.83M, Peak:39.83M | Scene, ViewLayer | Sample 1/64
Fra:1 Mem:54.95M (Peak 54.95M) | Time:00:30.11 | Remaining:00:28.26 | Mem:39.83M, Peak:39.83M | Scene, ViewLayer | Sample 33/64
Fra:1 Mem:71.97M (Peak 106.00M) | Time:00:58.96 | Mem:39.83M, Peak:39.83M | Scene, ViewLayer | Sample 64/64
Fra:1 Mem:71.97M (Peak 106.00M) | Time:00:58.96 | Mem:39.83M, Peak:39.83M | Scene, ViewLayer | Finished
Saved: '/workspace/shared/game-dot-assets/repo/public/models/external-v080/sakura-midrise/sakura-residential-front.png'
Time: 00:59.28 (Saving: 00:00.31)

Fra:1 Mem:15.15M (Peak 15.15M) | Time:00:00.00 | Mem:0.00M, Peak:0.00M | Scene, ViewLayer | Synchronizing object | PREVIEW_ONLY_GROUND
Fra:1 Mem:15.16M (Peak 15.16M) | Time:00:00.00 | Mem:0.00M, Peak:0.00M | Scene, ViewLayer | Synchronizing object | sakura-residential_frosted_glazing
Fra:1 Mem:15.16M (Peak 15.16M) | Time:00:00.00 | Mem:0.00M, Peak:0.00M | Scene, ViewLayer | Synchronizing object | sakura-residential_planted_green
Fra:1 Mem:15.21M (Peak 15.21M) | Time:00:00.00 | Mem:0.00M, Peak:0.00M | Scene, ViewLayer | Synchronizing object | sakura-residential_mineral_plaster
Fra:1 Mem:15.24M (Peak 15.24M) | Time:00:00.00 | Mem:0.00M, Peak:0.00M | Scene, ViewLayer | Synchronizing object | sakura-residential_silver_metal
Fra:1 Mem:17.32M (Peak 17.32M) | Time:00:00.00 | Mem:0.00M, Peak:0.00M | Scene, ViewLayer | Synchronizing object | sakura-residential_roof_membrane
Fra:1 Mem:17.33M (Peak 17.33M) | Time:00:00.00 | Mem:0.00M, Peak:0.00M | Scene, ViewLayer | Synchronizing object | sakura-residential_charcoal_tile
Fra:1 Mem:16.18M (Peak 17.33M) | Time:00:00.00 | Mem:0.00M, Peak:0.00M | Scene, ViewLayer | Synchronizing object | sakura-residential_warm_wood
Fra:1 Mem:16.30M (Peak 17.33M) | Time:00:00.00 | Mem:0.00M, Peak:0.00M | Scene, ViewLayer | Synchronizing object | sakura-residential_deep_glazing
Fra:1 Mem:16.21M (Peak 17.33M) | Time:00:00.00 | Mem:0.00M, Peak:0.00M | Scene, ViewLayer | Initializing
Fra:1 Mem:15.47M (Peak 17.33M) | Time:00:00.00 | Mem:0.00M, Peak:0.00M | Scene, ViewLayer | Waiting for render to start
Fra:1 Mem:15.47M (Peak 17.33M) | Time:00:00.00 | Mem:0.00M, Peak:0.00M | Scene, ViewLayer | Loading render kernels (may take a few minutes the first time)
Fra:1 Mem:15.47M (Peak 17.33M) | Time:00:00.00 | Mem:0.00M, Peak:0.00M | Scene, ViewLayer | Updating Scene
Fra:1 Mem:15.47M (Peak 17.33M) | Time:00:00.00 | Mem:0.00M, Peak:0.00M | Scene, ViewLayer | Updating Shaders
Fra:1 Mem:15.56M (Peak 17.33M) | Time:00:00.00 | Mem:0.01M, Peak:0.01M | Scene, ViewLayer | Updating Procedurals
Fra:1 Mem:15.56M (Peak 17.33M) | Time:00:00.00 | Mem:0.01M, Peak:0.01M | Scene, ViewLayer | Updating Background
Fra:1 Mem:15.56M (Peak 17.33M) | Time:00:00.00 | Mem:0.01M, Peak:0.01M | Scene, ViewLayer | Updating Camera
Fra:1 Mem:15.56M (Peak 17.33M) | Time:00:00.00 | Mem:0.01M, Peak:0.01M | Scene, ViewLayer | Updating Meshes Flags
Fra:1 Mem:15.56M (Peak 17.33M) | Time:00:00.00 | Mem:0.01M, Peak:0.01M | Scene, ViewLayer | Updating Objects
Fra:1 Mem:15.56M (Peak 17.33M) | Time:00:00.00 | Mem:0.01M, Peak:0.01M | Scene, ViewLayer | Updating Objects | Copying Transformations to device
Fra:1 Mem:15.56M (Peak 17.33M) | Time:00:00.00 | Mem:0.01M, Peak:0.01M | Scene, ViewLayer | Updating Objects | Applying Static Transformations
Fra:1 Mem:15.56M (Peak 17.33M) | Time:00:00.00 | Mem:0.01M, Peak:0.01M | Scene, ViewLayer | Updating Particle Systems
Fra:1 Mem:15.56M (Peak 17.33M) | Time:00:00.00 | Mem:0.01M, Peak:0.01M | Scene, ViewLayer | Updating Particle Systems | Copying Particles to device
Fra:1 Mem:15.56M (Peak 17.33M) | Time:00:00.00 | Mem:0.01M, Peak:0.01M | Scene, ViewLayer | Updating Meshes
Fra:1 Mem:15.66M (Peak 17.33M) | Time:00:00.00 | Mem:0.01M, Peak:0.01M | Scene, ViewLayer | Updating Mesh | Computing attributes
Fra:1 Mem:15.90M (Peak 17.33M) | Time:00:00.00 | Mem:0.01M, Peak:0.01M | Scene, ViewLayer | Updating Mesh | Copying Attributes to device
Fra:1 Mem:15.90M (Peak 17.33M) | Time:00:00.00 | Mem:0.24M, Peak:0.24M | Scene, ViewLayer | Updating Scene BVH | Building
Fra:1 Mem:15.90M (Peak 17.33M) | Time:00:00.00 | Mem:0.24M, Peak:0.24M | Scene, ViewLayer | Updating Scene BVH | Building BVH
Fra:1 Mem:15.90M (Peak 17.33M) | Time:00:00.00 | Mem:0.45M, Peak:0.45M | Scene, ViewLayer | Updating Scene BVH | Building BVH 0%
Fra:1 Mem:15.90M (Peak 17.33M) | Time:00:00.01 | Mem:0.71M, Peak:0.91M | Scene, ViewLayer | Updating Scene BVH | Copying BVH to device
Fra:1 Mem:15.90M (Peak 17.33M) | Time:00:00.01 | Mem:0.71M, Peak:0.91M | Scene, ViewLayer | Updating Mesh | Computing normals
Fra:1 Mem:16.66M (Peak 17.33M) | Time:00:00.01 | Mem:0.71M, Peak:0.91M | Scene, ViewLayer | Updating Mesh | Copying Mesh to device
Fra:1 Mem:16.66M (Peak 17.33M) | Time:00:00.01 | Mem:1.46M, Peak:1.46M | Scene, ViewLayer | Updating Objects Flags
Fra:1 Mem:16.66M (Peak 17.33M) | Time:00:00.01 | Mem:1.46M, Peak:1.46M | Scene, ViewLayer | Updating Primitive Offsets
Fra:1 Mem:16.66M (Peak 17.33M) | Time:00:00.01 | Mem:1.46M, Peak:1.46M | Scene, ViewLayer | Updating Images
Fra:1 Mem:16.66M (Peak 17.33M) | Time:00:00.01 | Mem:1.46M, Peak:1.46M | Scene, ViewLayer | Updating Camera Volume
Fra:1 Mem:16.66M (Peak 17.33M) | Time:00:00.01 | Mem:1.46M, Peak:1.46M | Scene, ViewLayer | Updating Lookup Tables
Fra:1 Mem:16.66M (Peak 17.33M) | Time:00:00.01 | Mem:1.54M, Peak:1.54M | Scene, ViewLayer | Updating Lights
Fra:1 Mem:16.66M (Peak 17.33M) | Time:00:00.01 | Mem:1.54M, Peak:1.54M | Scene, ViewLayer | Updating Lights | Computing tree
Fra:1 Mem:16.66M (Peak 17.33M) | Time:00:00.01 | Mem:1.54M, Peak:1.54M | Scene, ViewLayer | Updating Integrator
Fra:1 Mem:16.66M (Peak 17.33M) | Time:00:00.01 | Mem:1.54M, Peak:1.54M | Scene, ViewLayer | Updating Film
Fra:1 Mem:16.66M (Peak 17.33M) | Time:00:00.01 | Mem:1.46M, Peak:1.54M | Scene, ViewLayer | Updating Lookup Tables
Fra:1 Mem:16.66M (Peak 17.33M) | Time:00:00.01 | Mem:1.55M, Peak:1.55M | Scene, ViewLayer | Updating Baking
Fra:1 Mem:16.66M (Peak 17.33M) | Time:00:00.01 | Mem:1.55M, Peak:1.55M | Scene, ViewLayer | Updating Device | Writing constant memory
Fra:1 Mem:16.66M (Peak 17.33M) | Time:00:00.01 | Mem:1.55M, Peak:1.55M | Scene, ViewLayer | Sample 0/64
Fra:1 Mem:54.95M (Peak 54.95M) | Time:00:01.34 | Remaining:01:23.92 | Mem:39.83M, Peak:39.83M | Scene, ViewLayer | Sample 1/64
Fra:1 Mem:54.95M (Peak 54.95M) | Time:00:19.30 | Remaining:00:53.33 | Mem:39.83M, Peak:39.83M | Scene, ViewLayer | Sample 17/64
Fra:1 Mem:54.95M (Peak 54.95M) | Time:00:56.96 | Remaining:00:17.43 | Mem:39.83M, Peak:39.83M | Scene, ViewLayer | Sample 49/64
Fra:1 Mem:71.97M (Peak 106.00M) | Time:01:15.66 | Mem:39.83M, Peak:39.83M | Scene, ViewLayer | Sample 64/64
Fra:1 Mem:71.97M (Peak 106.00M) | Time:01:15.66 | Mem:39.83M, Peak:39.83M | Scene, ViewLayer | Finished
Saved: '/workspace/shared/game-dot-assets/repo/public/models/external-v080/sakura-midrise/sakura-residential-oblique.png'
Time: 01:15.90 (Saving: 00:00.23)

Fra:1 Mem:15.15M (Peak 15.15M) | Time:00:00.00 | Mem:0.00M, Peak:0.00M | Scene, ViewLayer | Synchronizing object | PREVIEW_ONLY_GROUND
Fra:1 Mem:15.16M (Peak 15.16M) | Time:00:00.00 | Mem:0.00M, Peak:0.00M | Scene, ViewLayer | Synchronizing object | sakura-residential_frosted_glazing
Fra:1 Mem:15.16M (Peak 15.16M) | Time:00:00.00 | Mem:0.00M, Peak:0.00M | Scene, ViewLayer | Synchronizing object | sakura-residential_planted_green
Fra:1 Mem:15.24M (Peak 15.24M) | Time:00:00.00 | Mem:0.00M, Peak:0.00M | Scene, ViewLayer | Synchronizing object | sakura-residential_mineral_plaster
Fra:1 Mem:15.21M (Peak 15.24M) | Time:00:00.00 | Mem:0.00M, Peak:0.00M | Scene, ViewLayer | Synchronizing object | sakura-residential_silver_metal
Fra:1 Mem:17.08M (Peak 17.08M) | Time:00:00.00 | Mem:0.00M, Peak:0.00M | Scene, ViewLayer | Synchronizing object | sakura-residential_roof_membrane
Fra:1 Mem:17.33M (Peak 17.33M) | Time:00:00.00 | Mem:0.00M, Peak:0.00M | Scene, ViewLayer | Synchronizing object | sakura-residential_charcoal_tile
Fra:1 Mem:16.08M (Peak 17.33M) | Time:00:00.00 | Mem:0.00M, Peak:0.00M | Scene, ViewLayer | Synchronizing object | sakura-residential_warm_wood
Fra:1 Mem:16.20M (Peak 17.33M) | Time:00:00.00 | Mem:0.00M, Peak:0.00M | Scene, ViewLayer | Synchronizing object | sakura-residential_deep_glazing
Fra:1 Mem:16.21M (Peak 17.33M) | Time:00:00.00 | Mem:0.00M, Peak:0.00M | Scene, ViewLayer | Initializing
Fra:1 Mem:15.47M (Peak 17.33M) | Time:00:00.00 | Mem:0.00M, Peak:0.00M | Scene, ViewLayer | Waiting for render to start
Fra:1 Mem:15.47M (Peak 17.33M) | Time:00:00.00 | Mem:0.00M, Peak:0.00M | Scene, ViewLayer | Loading render kernels (may take a few minutes the first time)
Fra:1 Mem:15.47M (Peak 17.33M) | Time:00:00.00 | Mem:0.00M, Peak:0.00M | Scene, ViewLayer | Updating Scene
Fra:1 Mem:15.47M (Peak 17.33M) | Time:00:00.00 | Mem:0.00M, Peak:0.00M | Scene, ViewLayer | Updating Shaders
Fra:1 Mem:15.56M (Peak 17.33M) | Time:00:00.00 | Mem:0.01M, Peak:0.01M | Scene, ViewLayer | Updating Procedurals
Fra:1 Mem:15.56M (Peak 17.33M) | Time:00:00.00 | Mem:0.01M, Peak:0.01M | Scene, ViewLayer | Updating Background
Fra:1 Mem:15.56M (Peak 17.33M) | Time:00:00.00 | Mem:0.01M, Peak:0.01M | Scene, ViewLayer | Updating Camera
Fra:1 Mem:15.56M (Peak 17.33M) | Time:00:00.00 | Mem:0.01M, Peak:0.01M | Scene, ViewLayer | Updating Meshes Flags
Fra:1 Mem:15.56M (Peak 17.33M) | Time:00:00.00 | Mem:0.01M, Peak:0.01M | Scene, ViewLayer | Updating Objects
Fra:1 Mem:15.56M (Peak 17.33M) | Time:00:00.00 | Mem:0.01M, Peak:0.01M | Scene, ViewLayer | Updating Objects | Copying Transformations to device
Fra:1 Mem:15.56M (Peak 17.33M) | Time:00:00.00 | Mem:0.01M, Peak:0.01M | Scene, ViewLayer | Updating Objects | Applying Static Transformations
Fra:1 Mem:15.56M (Peak 17.33M) | Time:00:00.00 | Mem:0.01M, Peak:0.01M | Scene, ViewLayer | Updating Particle Systems
Fra:1 Mem:15.56M (Peak 17.33M) | Time:00:00.00 | Mem:0.01M, Peak:0.01M | Scene, ViewLayer | Updating Particle Systems | Copying Particles to device
Fra:1 Mem:15.56M (Peak 17.33M) | Time:00:00.00 | Mem:0.01M, Peak:0.01M | Scene, ViewLayer | Updating Meshes
Fra:1 Mem:15.66M (Peak 17.33M) | Time:00:00.00 | Mem:0.01M, Peak:0.01M | Scene, ViewLayer | Updating Mesh | Computing attributes
Fra:1 Mem:15.90M (Peak 17.33M) | Time:00:00.00 | Mem:0.01M, Peak:0.01M | Scene, ViewLayer | Updating Mesh | Copying Attributes to device
Fra:1 Mem:15.90M (Peak 17.33M) | Time:00:00.00 | Mem:0.24M, Peak:0.24M | Scene, ViewLayer | Updating Scene BVH | Building
Fra:1 Mem:15.90M (Peak 17.33M) | Time:00:00.00 | Mem:0.24M, Peak:0.24M | Scene, ViewLayer | Updating Scene BVH | Building BVH
Fra:1 Mem:15.90M (Peak 17.33M) | Time:00:00.00 | Mem:0.45M, Peak:0.45M | Scene, ViewLayer | Updating Scene BVH | Building BVH 0%
Fra:1 Mem:15.90M (Peak 17.33M) | Time:00:00.00 | Mem:0.71M, Peak:0.91M | Scene, ViewLayer | Updating Scene BVH | Copying BVH to device
Fra:1 Mem:15.90M (Peak 17.33M) | Time:00:00.00 | Mem:0.71M, Peak:0.91M | Scene, ViewLayer | Updating Mesh | Computing normals
Fra:1 Mem:16.66M (Peak 17.33M) | Time:00:00.00 | Mem:0.71M, Peak:0.91M | Scene, ViewLayer | Updating Mesh | Copying Mesh to device
Fra:1 Mem:16.66M (Peak 17.33M) | Time:00:00.00 | Mem:1.46M, Peak:1.46M | Scene, ViewLayer | Updating Objects Flags
Fra:1 Mem:16.66M (Peak 17.33M) | Time:00:00.00 | Mem:1.46M, Peak:1.46M | Scene, ViewLayer | Updating Primitive Offsets
Fra:1 Mem:16.66M (Peak 17.33M) | Time:00:00.00 | Mem:1.46M, Peak:1.46M | Scene, ViewLayer | Updating Images
Fra:1 Mem:16.66M (Peak 17.33M) | Time:00:00.00 | Mem:1.46M, Peak:1.46M | Scene, ViewLayer | Updating Camera Volume
Fra:1 Mem:16.66M (Peak 17.33M) | Time:00:00.00 | Mem:1.46M, Peak:1.46M | Scene, ViewLayer | Updating Lookup Tables
Fra:1 Mem:16.66M (Peak 17.33M) | Time:00:00.00 | Mem:1.54M, Peak:1.54M | Scene, ViewLayer | Updating Lights
Fra:1 Mem:16.66M (Peak 17.33M) | Time:00:00.00 | Mem:1.54M, Peak:1.54M | Scene, ViewLayer | Updating Lights | Computing tree
Fra:1 Mem:16.66M (Peak 17.33M) | Time:00:00.00 | Mem:1.54M, Peak:1.54M | Scene, ViewLayer | Updating Integrator
Fra:1 Mem:16.66M (Peak 17.33M) | Time:00:00.00 | Mem:1.54M, Peak:1.54M | Scene, ViewLayer | Updating Film
Fra:1 Mem:16.66M (Peak 17.33M) | Time:00:00.00 | Mem:1.46M, Peak:1.54M | Scene, ViewLayer | Updating Lookup Tables
Fra:1 Mem:16.66M (Peak 17.33M) | Time:00:00.00 | Mem:1.55M, Peak:1.55M | Scene, ViewLayer | Updating Baking
Fra:1 Mem:16.66M (Peak 17.33M) | Time:00:00.00 | Mem:1.55M, Peak:1.55M | Scene, ViewLayer | Updating Device | Writing constant memory
Fra:1 Mem:16.66M (Peak 17.33M) | Time:00:00.00 | Mem:1.55M, Peak:1.55M | Scene, ViewLayer | Sample 0/64
Fra:1 Mem:54.95M (Peak 54.95M) | Time:00:01.40 | Remaining:01:27.77 | Mem:39.83M, Peak:39.83M | Scene, ViewLayer | Sample 1/64
Fra:1 Mem:54.95M (Peak 54.95M) | Time:00:20.86 | Remaining:00:57.65 | Mem:39.83M, Peak:39.83M | Scene, ViewLayer | Sample 17/64
Fra:1 Mem:54.95M (Peak 54.95M) | Time:00:58.19 | Remaining:00:17.81 | Mem:39.83M, Peak:39.83M | Scene, ViewLayer | Sample 49/64
Fra:1 Mem:71.97M (Peak 106.00M) | Time:01:16.52 | Mem:39.83M, Peak:39.83M | Scene, ViewLayer | Sample 64/64
Fra:1 Mem:71.97M (Peak 106.00M) | Time:01:16.52 | Mem:39.83M, Peak:39.83M | Scene, ViewLayer | Finished
Saved: '/workspace/shared/game-dot-assets/repo/public/models/external-v080/sakura-midrise/sakura-residential-roof.png'
Time: 01:16.78 (Saving: 00:00.25)


Blender quit
