15:30:01 | INFO: Data are loaded, start creating Blender stuff
15:30:01 | INFO: Blender create Mesh node Icosphere
15:30:01 | INFO: Blender create Mesh node fictional_sign
15:30:01 | INFO: Blender create Mesh node roof_membrane
15:30:01 | INFO: Blender create Mesh node charcoal_tile
15:30:01 | INFO: Blender create Mesh node warm_wood
15:30:01 | INFO: Blender create Mesh node deep_glazing
15:30:01 | INFO: Blender create Mesh node silver_metal
15:30:01 | INFO: Blender create Mesh node frosted_glazing
15:30:01 | INFO: glTF import finished in 0.03s
Blender 4.3.2
Fra:1 Mem:12.97M (Peak 12.97M) | Time:00:00.00 | Mem:0.00M, Peak:0.00M | Scene, ViewLayer | Synchronizing object | PREVIEW_ONLY_GROUND
Fra:1 Mem:12.97M (Peak 12.97M) | Time:00:00.00 | Mem:0.00M, Peak:0.00M | Scene, ViewLayer | Synchronizing object | sakura-residential_frosted_glazing
Fra:1 Mem:14.98M (Peak 14.98M) | Time:00:00.00 | Mem:0.00M, Peak:0.00M | Scene, ViewLayer | Synchronizing object | sakura-residential_planted_green
Fra:1 Mem:15.04M (Peak 15.04M) | Time:00:00.00 | Mem:0.00M, Peak:0.00M | Scene, ViewLayer | Synchronizing object | sakura-residential_mineral_plaster
Fra:1 Mem:15.05M (Peak 15.05M) | Time:00:00.00 | Mem:0.00M, Peak:0.00M | Scene, ViewLayer | Synchronizing object | sakura-residential_silver_metal
Fra:1 Mem:17.03M (Peak 17.24M) | Time:00:00.00 | Mem:0.00M, Peak:0.00M | Scene, ViewLayer | Synchronizing object | sakura-residential_roof_membrane
Fra:1 Mem:17.21M (Peak 17.24M) | Time:00:00.00 | Mem:0.00M, Peak:0.00M | Scene, ViewLayer | Synchronizing object | sakura-residential_charcoal_tile
Fra:1 Mem:16.14M (Peak 17.24M) | Time:00:00.00 | Mem:0.00M, Peak:0.00M | Scene, ViewLayer | Synchronizing object | sakura-residential_warm_wood
Fra:1 Mem:16.26M (Peak 17.24M) | Time:00:00.00 | Mem:0.00M, Peak:0.00M | Scene, ViewLayer | Synchronizing object | sakura-residential_deep_glazing
Fra:1 Mem:16.21M (Peak 17.24M) | Time:00:00.00 | Mem:0.00M, Peak:0.00M | Scene, ViewLayer | Initializing
Fra:1 Mem:15.47M (Peak 17.24M) | Time:00:00.00 | Mem:0.00M, Peak:0.00M | Scene, ViewLayer | Waiting for render to start
Fra:1 Mem:15.47M (Peak 17.24M) | Time:00:00.00 | Mem:0.00M, Peak:0.00M | Scene, ViewLayer | Loading render kernels (may take a few minutes the first time)
Fra:1 Mem:15.47M (Peak 17.24M) | Time:00:00.00 | Mem:0.00M, Peak:0.00M | Scene, ViewLayer | Updating Scene
Fra:1 Mem:15.47M (Peak 17.24M) | Time:00:00.00 | Mem:0.00M, Peak:0.00M | Scene, ViewLayer | Updating Shaders
Fra:1 Mem:15.56M (Peak 17.24M) | Time:00:00.01 | Mem:0.01M, Peak:0.01M | Scene, ViewLayer | Updating Procedurals
Fra:1 Mem:15.56M (Peak 17.24M) | Time:00:00.01 | Mem:0.01M, Peak:0.01M | Scene, ViewLayer | Updating Background
Fra:1 Mem:15.56M (Peak 17.24M) | Time:00:00.01 | Mem:0.01M, Peak:0.01M | Scene, ViewLayer | Updating Camera
Fra:1 Mem:15.56M (Peak 17.24M) | Time:00:00.01 | Mem:0.01M, Peak:0.01M | Scene, ViewLayer | Updating Meshes Flags
Fra:1 Mem:15.56M (Peak 17.24M) | Time:00:00.01 | Mem:0.01M, Peak:0.01M | Scene, ViewLayer | Updating Objects
Fra:1 Mem:15.56M (Peak 17.24M) | Time:00:00.01 | Mem:0.01M, Peak:0.01M | Scene, ViewLayer | Updating Objects | Copying Transformations to device
Fra:1 Mem:15.56M (Peak 17.24M) | Time:00:00.01 | Mem:0.01M, Peak:0.01M | Scene, ViewLayer | Updating Objects | Applying Static Transformations
Fra:1 Mem:15.56M (Peak 17.24M) | Time:00:00.01 | Mem:0.01M, Peak:0.01M | Scene, ViewLayer | Updating Particle Systems
Fra:1 Mem:15.56M (Peak 17.24M) | Time:00:00.01 | Mem:0.01M, Peak:0.01M | Scene, ViewLayer | Updating Particle Systems | Copying Particles to device
Fra:1 Mem:15.56M (Peak 17.24M) | Time:00:00.01 | Mem:0.01M, Peak:0.01M | Scene, ViewLayer | Updating Meshes
Fra:1 Mem:15.66M (Peak 17.24M) | Time:00:00.01 | Mem:0.01M, Peak:0.01M | Scene, ViewLayer | Updating Mesh | Computing attributes
Fra:1 Mem:15.90M (Peak 17.24M) | Time:00:00.01 | Mem:0.01M, Peak:0.01M | Scene, ViewLayer | Updating Mesh | Copying Attributes to device
Fra:1 Mem:15.90M (Peak 17.24M) | Time:00:00.01 | Mem:0.24M, Peak:0.24M | Scene, ViewLayer | Updating Scene BVH | Building
Fra:1 Mem:15.90M (Peak 17.24M) | Time:00:00.01 | Mem:0.24M, Peak:0.24M | Scene, ViewLayer | Updating Scene BVH | Building BVH
Fra:1 Mem:15.90M (Peak 17.24M) | Time:00:00.01 | Mem:0.45M, Peak:0.45M | Scene, ViewLayer | Updating Scene BVH | Building BVH 0%
Fra:1 Mem:15.90M (Peak 17.24M) | Time:00:00.01 | Mem:0.71M, Peak:0.91M | Scene, ViewLayer | Updating Scene BVH | Copying BVH to device
Fra:1 Mem:15.90M (Peak 17.24M) | Time:00:00.01 | Mem:0.71M, Peak:0.91M | Scene, ViewLayer | Updating Mesh | Computing normals
Fra:1 Mem:16.66M (Peak 17.24M) | Time:00:00.01 | Mem:0.71M, Peak:0.91M | Scene, ViewLayer | Updating Mesh | Copying Mesh to device
Fra:1 Mem:16.66M (Peak 17.24M) | Time:00:00.01 | Mem:1.46M, Peak:1.46M | Scene, ViewLayer | Updating Objects Flags
Fra:1 Mem:16.66M (Peak 17.24M) | Time:00:00.01 | Mem:1.46M, Peak:1.46M | Scene, ViewLayer | Updating Primitive Offsets
Fra:1 Mem:16.66M (Peak 17.24M) | Time:00:00.01 | Mem:1.46M, Peak:1.46M | Scene, ViewLayer | Updating Images
Fra:1 Mem:16.66M (Peak 17.24M) | Time:00:00.01 | Mem:1.46M, Peak:1.46M | Scene, ViewLayer | Updating Camera Volume
Fra:1 Mem:16.66M (Peak 17.24M) | Time:00:00.01 | Mem:1.46M, Peak:1.46M | Scene, ViewLayer | Updating Lookup Tables
Fra:1 Mem:16.66M (Peak 17.24M) | Time:00:00.01 | Mem:1.54M, Peak:1.54M | Scene, ViewLayer | Updating Lights
Fra:1 Mem:16.66M (Peak 17.24M) | Time:00:00.01 | Mem:1.54M, Peak:1.54M | Scene, ViewLayer | Updating Lights | Computing tree
Fra:1 Mem:16.66M (Peak 17.24M) | Time:00:00.02 | Mem:1.54M, Peak:1.54M | Scene, ViewLayer | Updating Integrator
Fra:1 Mem:16.66M (Peak 17.24M) | Time:00:00.02 | Mem:1.54M, Peak:1.54M | Scene, ViewLayer | Updating Film
Fra:1 Mem:16.66M (Peak 17.24M) | Time:00:00.02 | Mem:1.46M, Peak:1.54M | Scene, ViewLayer | Updating Lookup Tables
Fra:1 Mem:16.66M (Peak 17.24M) | Time:00:00.02 | Mem:1.55M, Peak:1.55M | Scene, ViewLayer | Updating Baking
Fra:1 Mem:16.66M (Peak 17.24M) | Time:00:00.02 | Mem:1.55M, Peak:1.55M | Scene, ViewLayer | Updating Device | Writing constant memory
Fra:1 Mem:16.66M (Peak 17.24M) | Time:00:00.02 | Mem:1.55M, Peak:1.55M | Scene, ViewLayer | Sample 0/64
Fra:1 Mem:54.95M (Peak 54.95M) | Time:00:01.20 | Remaining:01:14.51 | Mem:39.83M, Peak:39.83M | Scene, ViewLayer | Sample 1/64
Fra:1 Mem:54.95M (Peak 54.95M) | Time:00:32.30 | Remaining:00:30.33 | Mem:39.83M, Peak:39.83M | Scene, ViewLayer | Sample 33/64
Fra:1 Mem:71.97M (Peak 106.00M) | Time:01:02.79 | Mem:39.83M, Peak:39.83M | Scene, ViewLayer | Sample 64/64
Fra:1 Mem:71.97M (Peak 106.00M) | Time:01:02.79 | Mem:39.83M, Peak:39.83M | Scene, ViewLayer | Finished
Saved: '/workspace/shared/game-dot-assets/repo/public/models/external-v080/sakura-midrise/sakura-residential-front.png'
Time: 01:03.29 (Saving: 00:00.50)

Fra:1 Mem:15.15M (Peak 15.15M) | Time:00:00.00 | Mem:0.00M, Peak:0.00M | Scene, ViewLayer | Synchronizing object | PREVIEW_ONLY_GROUND
Fra:1 Mem:15.16M (Peak 15.16M) | Time:00:00.00 | Mem:0.00M, Peak:0.00M | Scene, ViewLayer | Synchronizing object | sakura-residential_frosted_glazing
Fra:1 Mem:15.16M (Peak 15.16M) | Time:00:00.00 | Mem:0.00M, Peak:0.00M | Scene, ViewLayer | Synchronizing object | sakura-residential_planted_green
Fra:1 Mem:15.25M (Peak 15.25M) | Time:00:00.00 | Mem:0.00M, Peak:0.00M | Scene, ViewLayer | Synchronizing object | sakura-residential_mineral_plaster
Fra:1 Mem:15.24M (Peak 15.25M) | Time:00:00.00 | Mem:0.00M, Peak:0.00M | Scene, ViewLayer | Synchronizing object | sakura-residential_silver_metal
Fra:1 Mem:17.00M (Peak 17.05M) | Time:00:00.00 | Mem:0.00M, Peak:0.00M | Scene, ViewLayer | Synchronizing object | sakura-residential_roof_membrane
Fra:1 Mem:17.00M (Peak 17.05M) | Time:00:00.00 | Mem:0.00M, Peak:0.00M | Scene, ViewLayer | Synchronizing object | sakura-residential_charcoal_tile
Fra:1 Mem:17.07M (Peak 17.07M) | Time:00:00.00 | Mem:0.00M, Peak:0.00M | Scene, ViewLayer | Synchronizing object | sakura-residential_warm_wood
Fra:1 Mem:17.12M (Peak 17.12M) | Time:00:00.00 | Mem:0.00M, Peak:0.00M | Scene, ViewLayer | Synchronizing object | sakura-residential_deep_glazing
Fra:1 Mem:16.21M (Peak 17.12M) | Time:00:00.00 | Mem:0.00M, Peak:0.00M | Scene, ViewLayer | Initializing
Fra:1 Mem:15.47M (Peak 17.12M) | Time:00:00.00 | Mem:0.00M, Peak:0.00M | Scene, ViewLayer | Waiting for render to start
Fra:1 Mem:15.47M (Peak 17.12M) | Time:00:00.00 | Mem:0.00M, Peak:0.00M | Scene, ViewLayer | Loading render kernels (may take a few minutes the first time)
Fra:1 Mem:15.47M (Peak 17.12M) | Time:00:00.00 | Mem:0.00M, Peak:0.00M | Scene, ViewLayer | Updating Scene
Fra:1 Mem:15.47M (Peak 17.12M) | Time:00:00.00 | Mem:0.00M, Peak:0.00M | Scene, ViewLayer | Updating Shaders
Fra:1 Mem:15.56M (Peak 17.12M) | Time:00:00.00 | Mem:0.01M, Peak:0.01M | Scene, ViewLayer | Updating Procedurals
Fra:1 Mem:15.56M (Peak 17.12M) | Time:00:00.00 | Mem:0.01M, Peak:0.01M | Scene, ViewLayer | Updating Background
Fra:1 Mem:15.56M (Peak 17.12M) | Time:00:00.00 | Mem:0.01M, Peak:0.01M | Scene, ViewLayer | Updating Camera
Fra:1 Mem:15.56M (Peak 17.12M) | Time:00:00.00 | Mem:0.01M, Peak:0.01M | Scene, ViewLayer | Updating Meshes Flags
Fra:1 Mem:15.56M (Peak 17.12M) | Time:00:00.00 | Mem:0.01M, Peak:0.01M | Scene, ViewLayer | Updating Objects
Fra:1 Mem:15.56M (Peak 17.12M) | Time:00:00.00 | Mem:0.01M, Peak:0.01M | Scene, ViewLayer | Updating Objects | Copying Transformations to device
Fra:1 Mem:15.56M (Peak 17.12M) | Time:00:00.00 | Mem:0.01M, Peak:0.01M | Scene, ViewLayer | Updating Objects | Applying Static Transformations
Fra:1 Mem:15.56M (Peak 17.12M) | Time:00:00.00 | Mem:0.01M, Peak:0.01M | Scene, ViewLayer | Updating Particle Systems
Fra:1 Mem:15.56M (Peak 17.12M) | Time:00:00.00 | Mem:0.01M, Peak:0.01M | Scene, ViewLayer | Updating Particle Systems | Copying Particles to device
Fra:1 Mem:15.56M (Peak 17.12M) | Time:00:00.00 | Mem:0.01M, Peak:0.01M | Scene, ViewLayer | Updating Meshes
Fra:1 Mem:15.66M (Peak 17.12M) | Time:00:00.00 | Mem:0.01M, Peak:0.01M | Scene, ViewLayer | Updating Mesh | Computing attributes
Fra:1 Mem:15.90M (Peak 17.12M) | Time:00:00.00 | Mem:0.01M, Peak:0.01M | Scene, ViewLayer | Updating Mesh | Copying Attributes to device
Fra:1 Mem:15.90M (Peak 17.12M) | Time:00:00.00 | Mem:0.24M, Peak:0.24M | Scene, ViewLayer | Updating Scene BVH | Building
Fra:1 Mem:15.90M (Peak 17.12M) | Time:00:00.00 | Mem:0.24M, Peak:0.24M | Scene, ViewLayer | Updating Scene BVH | Building BVH
Fra:1 Mem:15.90M (Peak 17.12M) | Time:00:00.00 | Mem:0.45M, Peak:0.45M | Scene, ViewLayer | Updating Scene BVH | Building BVH 0%
Fra:1 Mem:15.90M (Peak 17.12M) | Time:00:00.01 | Mem:0.71M, Peak:0.91M | Scene, ViewLayer | Updating Scene BVH | Copying BVH to device
Fra:1 Mem:15.90M (Peak 17.12M) | Time:00:00.01 | Mem:0.71M, Peak:0.91M | Scene, ViewLayer | Updating Mesh | Computing normals
Fra:1 Mem:16.66M (Peak 17.12M) | Time:00:00.01 | Mem:0.71M, Peak:0.91M | Scene, ViewLayer | Updating Mesh | Copying Mesh to device
Fra:1 Mem:16.66M (Peak 17.12M) | Time:00:00.01 | Mem:1.46M, Peak:1.46M | Scene, ViewLayer | Updating Objects Flags
Fra:1 Mem:16.66M (Peak 17.12M) | Time:00:00.01 | Mem:1.46M, Peak:1.46M | Scene, ViewLayer | Updating Primitive Offsets
Fra:1 Mem:16.66M (Peak 17.12M) | Time:00:00.01 | Mem:1.46M, Peak:1.46M | Scene, ViewLayer | Updating Images
Fra:1 Mem:16.66M (Peak 17.12M) | Time:00:00.01 | Mem:1.46M, Peak:1.46M | Scene, ViewLayer | Updating Camera Volume
Fra:1 Mem:16.66M (Peak 17.12M) | Time:00:00.01 | Mem:1.46M, Peak:1.46M | Scene, ViewLayer | Updating Lookup Tables
Fra:1 Mem:16.66M (Peak 17.12M) | Time:00:00.01 | Mem:1.54M, Peak:1.54M | Scene, ViewLayer | Updating Lights
Fra:1 Mem:16.66M (Peak 17.12M) | Time:00:00.01 | Mem:1.54M, Peak:1.54M | Scene, ViewLayer | Updating Lights | Computing tree
Fra:1 Mem:16.66M (Peak 17.12M) | Time:00:00.01 | Mem:1.54M, Peak:1.54M | Scene, ViewLayer | Updating Integrator
Fra:1 Mem:16.66M (Peak 17.12M) | Time:00:00.01 | Mem:1.54M, Peak:1.54M | Scene, ViewLayer | Updating Film
Fra:1 Mem:16.66M (Peak 17.12M) | Time:00:00.01 | Mem:1.46M, Peak:1.54M | Scene, ViewLayer | Updating Lookup Tables
Fra:1 Mem:16.66M (Peak 17.12M) | Time:00:00.01 | Mem:1.55M, Peak:1.55M | Scene, ViewLayer | Updating Baking
Fra:1 Mem:16.66M (Peak 17.12M) | Time:00:00.01 | Mem:1.55M, Peak:1.55M | Scene, ViewLayer | Updating Device | Writing constant memory
Fra:1 Mem:16.66M (Peak 17.12M) | Time:00:00.01 | Mem:1.55M, Peak:1.55M | Scene, ViewLayer | Sample 0/64
Fra:1 Mem:54.95M (Peak 54.95M) | Time:00:01.39 | Remaining:01:26.94 | Mem:39.83M, Peak:39.83M | Scene, ViewLayer | Sample 1/64
Fra:1 Mem:54.95M (Peak 54.95M) | Time:00:21.76 | Remaining:01:00.14 | Mem:39.83M, Peak:39.83M | Scene, ViewLayer | Sample 17/64
Fra:1 Mem:54.95M (Peak 54.95M) | Time:00:42.47 | Remaining:00:39.88 | Mem:39.83M, Peak:39.83M | Scene, ViewLayer | Sample 33/64
Fra:1 Mem:54.95M (Peak 54.95M) | Time:01:02.23 | Remaining:00:19.04 | Mem:39.83M, Peak:39.83M | Scene, ViewLayer | Sample 49/64
Fra:1 Mem:71.97M (Peak 106.00M) | Time:01:20.80 | Mem:39.83M, Peak:39.83M | Scene, ViewLayer | Sample 64/64
Fra:1 Mem:71.97M (Peak 106.00M) | Time:01:20.80 | Mem:39.83M, Peak:39.83M | Scene, ViewLayer | Finished
Saved: '/workspace/shared/game-dot-assets/repo/public/models/external-v080/sakura-midrise/sakura-residential-oblique.png'
Time: 01:21.02 (Saving: 00:00.21)

Fra:1 Mem:15.15M (Peak 15.15M) | Time:00:00.00 | Mem:0.00M, Peak:0.00M | Scene, ViewLayer | Synchronizing object | PREVIEW_ONLY_GROUND
Fra:1 Mem:15.16M (Peak 15.16M) | Time:00:00.00 | Mem:0.00M, Peak:0.00M | Scene, ViewLayer | Synchronizing object | sakura-residential_frosted_glazing
Fra:1 Mem:15.16M (Peak 15.16M) | Time:00:00.00 | Mem:0.00M, Peak:0.00M | Scene, ViewLayer | Synchronizing object | sakura-residential_planted_green
Fra:1 Mem:15.20M (Peak 15.20M) | Time:00:00.00 | Mem:0.00M, Peak:0.00M | Scene, ViewLayer | Synchronizing object | sakura-residential_mineral_plaster
Fra:1 Mem:15.22M (Peak 15.22M) | Time:00:00.00 | Mem:0.00M, Peak:0.00M | Scene, ViewLayer | Synchronizing object | sakura-residential_silver_metal
Fra:1 Mem:17.00M (Peak 17.00M) | Time:00:00.00 | Mem:0.00M, Peak:0.00M | Scene, ViewLayer | Synchronizing object | sakura-residential_roof_membrane
Fra:1 Mem:17.00M (Peak 17.00M) | Time:00:00.00 | Mem:0.00M, Peak:0.00M | Scene, ViewLayer | Synchronizing object | sakura-residential_charcoal_tile
Fra:1 Mem:17.15M (Peak 17.15M) | Time:00:00.00 | Mem:0.00M, Peak:0.00M | Scene, ViewLayer | Synchronizing object | sakura-residential_warm_wood
Fra:1 Mem:17.41M (Peak 17.41M) | Time:00:00.00 | Mem:0.00M, Peak:0.00M | Scene, ViewLayer | Synchronizing object | sakura-residential_deep_glazing
Fra:1 Mem:16.21M (Peak 17.41M) | Time:00:00.00 | Mem:0.00M, Peak:0.00M | Scene, ViewLayer | Initializing
Fra:1 Mem:15.47M (Peak 17.41M) | Time:00:00.00 | Mem:0.00M, Peak:0.00M | Scene, ViewLayer | Waiting for render to start
Fra:1 Mem:15.47M (Peak 17.41M) | Time:00:00.00 | Mem:0.00M, Peak:0.00M | Scene, ViewLayer | Loading render kernels (may take a few minutes the first time)
Fra:1 Mem:15.47M (Peak 17.41M) | Time:00:00.00 | Mem:0.00M, Peak:0.00M | Scene, ViewLayer | Updating Scene
Fra:1 Mem:15.47M (Peak 17.41M) | Time:00:00.00 | Mem:0.00M, Peak:0.00M | Scene, ViewLayer | Updating Shaders
Fra:1 Mem:15.56M (Peak 17.41M) | Time:00:00.00 | Mem:0.01M, Peak:0.01M | Scene, ViewLayer | Updating Procedurals
Fra:1 Mem:15.56M (Peak 17.41M) | Time:00:00.00 | Mem:0.01M, Peak:0.01M | Scene, ViewLayer | Updating Background
Fra:1 Mem:15.56M (Peak 17.41M) | Time:00:00.00 | Mem:0.01M, Peak:0.01M | Scene, ViewLayer | Updating Camera
Fra:1 Mem:15.56M (Peak 17.41M) | Time:00:00.00 | Mem:0.01M, Peak:0.01M | Scene, ViewLayer | Updating Meshes Flags
Fra:1 Mem:15.56M (Peak 17.41M) | Time:00:00.00 | Mem:0.01M, Peak:0.01M | Scene, ViewLayer | Updating Objects
Fra:1 Mem:15.56M (Peak 17.41M) | Time:00:00.00 | Mem:0.01M, Peak:0.01M | Scene, ViewLayer | Updating Objects | Copying Transformations to device
Fra:1 Mem:15.56M (Peak 17.41M) | Time:00:00.00 | Mem:0.01M, Peak:0.01M | Scene, ViewLayer | Updating Objects | Applying Static Transformations
Fra:1 Mem:15.56M (Peak 17.41M) | Time:00:00.00 | Mem:0.01M, Peak:0.01M | Scene, ViewLayer | Updating Particle Systems
Fra:1 Mem:15.56M (Peak 17.41M) | Time:00:00.00 | Mem:0.01M, Peak:0.01M | Scene, ViewLayer | Updating Particle Systems | Copying Particles to device
Fra:1 Mem:15.56M (Peak 17.41M) | Time:00:00.00 | Mem:0.01M, Peak:0.01M | Scene, ViewLayer | Updating Meshes
Fra:1 Mem:15.66M (Peak 17.41M) | Time:00:00.00 | Mem:0.01M, Peak:0.01M | Scene, ViewLayer | Updating Mesh | Computing attributes
Fra:1 Mem:15.90M (Peak 17.41M) | Time:00:00.00 | Mem:0.01M, Peak:0.01M | Scene, ViewLayer | Updating Mesh | Copying Attributes to device
Fra:1 Mem:15.90M (Peak 17.41M) | Time:00:00.00 | Mem:0.24M, Peak:0.24M | Scene, ViewLayer | Updating Scene BVH | Building
Fra:1 Mem:15.90M (Peak 17.41M) | Time:00:00.00 | Mem:0.24M, Peak:0.24M | Scene, ViewLayer | Updating Scene BVH | Building BVH
Fra:1 Mem:15.90M (Peak 17.41M) | Time:00:00.00 | Mem:0.45M, Peak:0.45M | Scene, ViewLayer | Updating Scene BVH | Building BVH 0%
Fra:1 Mem:15.90M (Peak 17.41M) | Time:00:00.01 | Mem:0.71M, Peak:0.91M | Scene, ViewLayer | Updating Scene BVH | Copying BVH to device
Fra:1 Mem:15.90M (Peak 17.41M) | Time:00:00.01 | Mem:0.71M, Peak:0.91M | Scene, ViewLayer | Updating Mesh | Computing normals
Fra:1 Mem:16.66M (Peak 17.41M) | Time:00:00.01 | Mem:0.71M, Peak:0.91M | Scene, ViewLayer | Updating Mesh | Copying Mesh to device
Fra:1 Mem:16.66M (Peak 17.41M) | Time:00:00.01 | Mem:1.46M, Peak:1.46M | Scene, ViewLayer | Updating Objects Flags
Fra:1 Mem:16.66M (Peak 17.41M) | Time:00:00.01 | Mem:1.46M, Peak:1.46M | Scene, ViewLayer | Updating Primitive Offsets
Fra:1 Mem:16.66M (Peak 17.41M) | Time:00:00.01 | Mem:1.46M, Peak:1.46M | Scene, ViewLayer | Updating Images
Fra:1 Mem:16.66M (Peak 17.41M) | Time:00:00.01 | Mem:1.46M, Peak:1.46M | Scene, ViewLayer | Updating Camera Volume
Fra:1 Mem:16.66M (Peak 17.41M) | Time:00:00.01 | Mem:1.46M, Peak:1.46M | Scene, ViewLayer | Updating Lookup Tables
Fra:1 Mem:16.66M (Peak 17.41M) | Time:00:00.01 | Mem:1.54M, Peak:1.54M | Scene, ViewLayer | Updating Lights
Fra:1 Mem:16.66M (Peak 17.41M) | Time:00:00.01 | Mem:1.54M, Peak:1.54M | Scene, ViewLayer | Updating Lights | Computing tree
Fra:1 Mem:16.66M (Peak 17.41M) | Time:00:00.01 | Mem:1.54M, Peak:1.54M | Scene, ViewLayer | Updating Integrator
Fra:1 Mem:16.66M (Peak 17.41M) | Time:00:00.01 | Mem:1.54M, Peak:1.54M | Scene, ViewLayer | Updating Film
Fra:1 Mem:16.66M (Peak 17.41M) | Time:00:00.01 | Mem:1.46M, Peak:1.54M | Scene, ViewLayer | Updating Lookup Tables
Fra:1 Mem:16.66M (Peak 17.41M) | Time:00:00.01 | Mem:1.55M, Peak:1.55M | Scene, ViewLayer | Updating Baking
Fra:1 Mem:16.66M (Peak 17.41M) | Time:00:00.01 | Mem:1.55M, Peak:1.55M | Scene, ViewLayer | Updating Device | Writing constant memory
Fra:1 Mem:16.66M (Peak 17.41M) | Time:00:00.01 | Mem:1.55M, Peak:1.55M | Scene, ViewLayer | Sample 0/64
Fra:1 Mem:54.95M (Peak 54.95M) | Time:00:01.61 | Remaining:01:40.86 | Mem:39.83M, Peak:39.83M | Scene, ViewLayer | Sample 1/64
Fra:1 Mem:54.95M (Peak 54.95M) | Time:00:24.14 | Remaining:01:06.73 | Mem:39.83M, Peak:39.83M | Scene, ViewLayer | Sample 17/64
Fra:1 Mem:54.95M (Peak 54.95M) | Time:00:45.11 | Remaining:00:42.36 | Mem:39.83M, Peak:39.83M | Scene, ViewLayer | Sample 33/64
Fra:1 Mem:54.95M (Peak 54.95M) | Time:01:06.09 | Remaining:00:20.22 | Mem:39.83M, Peak:39.83M | Scene, ViewLayer | Sample 49/64
Fra:1 Mem:71.97M (Peak 106.00M) | Time:01:23.88 | Mem:39.83M, Peak:39.83M | Scene, ViewLayer | Sample 64/64
Fra:1 Mem:71.97M (Peak 106.00M) | Time:01:23.88 | Mem:39.83M, Peak:39.83M | Scene, ViewLayer | Finished
Saved: '/workspace/shared/game-dot-assets/repo/public/models/external-v080/sakura-midrise/sakura-residential-roof.png'
Time: 01:24.22 (Saving: 00:00.33)


Blender quit
